Open5GS daemon v2.7.6-107-g15b12d7

11/25 20:27:58.540: [app] INFO: Configuration: '/home/cplane/open5gs/install/etc/open5gs/sepp1.yaml' (../lib/app/ogs-init.c:144)
11/25 20:27:58.540: [app] INFO: File Logging: '/home/cplane/open5gs/install/var/log/open5gs/sepp1.log' (../lib/app/ogs-init.c:147)
11/25 20:27:58.542: [sbi] INFO: Setup NF EndPoint(addr) [192.168.0.111:7777] (../lib/sbi/context.c:451)
11/25 20:27:58.542: [sbi] INFO: Setup NF EndPoint(addr) [192.168.0.111:7777] (../lib/sbi/context.c:499)
11/25 20:27:58.542: [sepp] INFO: Setup NF EndPoint(fqdn) [sepp2.localdomain:7777] (../src/sepp/context.c:351)
11/25 20:27:58.542: [sepp] INFO: Setup NF EndPoint(fqdn) [sepp2.localdomain:7777] (../src/sepp/context.c:377)
11/25 20:27:58.544: [sbi] INFO: nghttp2_server() [http://192.168.0.111]:6644 (../lib/sbi/nghttp2-server.c:439)
11/25 20:27:58.557: [sbi] INFO: nghttp2_server(n32f) [https://127.0.1.252]:7777 (../lib/sbi/nghttp2-server.c:439)
11/25 20:27:58.563: [sbi] INFO: nghttp2_server(sepp) [https://127.0.1.251]:7777 (../lib/sbi/nghttp2-server.c:439)
11/25 20:27:58.564: [app] INFO: SEPP initialize...done (../src/sepp/app.c:31)
11/25 20:27:58.565: [sbi] INFO: [d98beffa-ca34-41f0-9c57-9b6a5155d2be] NF registered [Heartbeat:10s] (../lib/sbi/nf-sm.c:295)
11/25 20:27:58.565: [sbi] WARNING: Could not connect to server (7): Failed to connect to sepp2.localdomain port 7777 after 0 ms: Could not connect to server (../lib/sbi/client.c:767)
11/25 20:27:58.565: [sbi] WARNING: ogs_sbi_client_handler() failed [-1] (../lib/sbi/path.c:62)
11/25 20:28:09.569: [sepp] WARNING: [sepp2.localdomain] Retry establishment with Peer SEPP (../src/sepp/handshake-sm.c:264)
11/25 20:28:09.569: [sbi] WARNING: Could not connect to server (7): Failed to connect to sepp2.localdomain port 7777 after 0 ms: Could not connect to server (../lib/sbi/client.c:767)
11/25 20:28:09.569: [sbi] WARNING: ogs_sbi_client_handler() failed [-1] (../lib/sbi/path.c:62)
11/25 20:28:20.572: [sepp] WARNING: [sepp2.localdomain] Retry establishment with Peer SEPP (../src/sepp/handshake-sm.c:264)
11/25 20:28:20.572: [sbi] WARNING: Could not connect to server (7): Failed to connect to sepp2.localdomain port 7777 after 0 ms: Could not connect to server (../lib/sbi/client.c:767)
11/25 20:28:20.572: [sbi] WARNING: ogs_sbi_client_handler() failed [-1] (../lib/sbi/path.c:62)
11/25 20:28:31.577: [sepp] WARNING: [sepp2.localdomain] Retry establishment with Peer SEPP (../src/sepp/handshake-sm.c:264)
11/25 20:28:31.577: [sbi] WARNING: Could not connect to server (7): Failed to connect to sepp2.localdomain port 7777 after 0 ms: Could not connect to server (../lib/sbi/client.c:767)
11/25 20:28:31.577: [sbi] WARNING: ogs_sbi_client_handler() failed [-1] (../lib/sbi/path.c:62)
11/25 20:28:42.583: [sepp] WARNING: [sepp2.localdomain] Retry establishment with Peer SEPP (../src/sepp/handshake-sm.c:264)
11/25 20:28:42.583: [sbi] WARNING: Could not connect to server (7): Failed to connect to sepp2.localdomain port 7777 after 0 ms: Could not connect to server (../lib/sbi/client.c:767)
11/25 20:28:42.583: [sbi] WARNING: ogs_sbi_client_handler() failed [-1] (../lib/sbi/path.c:62)
11/25 20:28:53.590: [sepp] WARNING: [sepp2.localdomain] Retry establishment with Peer SEPP (../src/sepp/handshake-sm.c:264)
11/25 20:28:53.590: [sbi] WARNING: Could not connect to server (7): Failed to connect to sepp2.localdomain port 7777 after 0 ms: Could not connect to server (../lib/sbi/client.c:767)
11/25 20:28:53.590: [sbi] WARNING: ogs_sbi_client_handler() failed [-1] (../lib/sbi/path.c:62)
11/25 20:29:04.593: [sepp] WARNING: [sepp2.localdomain] Retry establishment with Peer SEPP (../src/sepp/handshake-sm.c:264)
11/25 20:29:04.594: [sbi] WARNING: Could not connect to server (7): Failed to connect to sepp2.localdomain port 7777 after 0 ms: Could not connect to server (../lib/sbi/client.c:767)
11/25 20:29:04.594: [sbi] WARNING: ogs_sbi_client_handler() failed [-1] (../lib/sbi/path.c:62)
11/25 20:29:15.602: [sepp] WARNING: [sepp2.localdomain] Retry establishment with Peer SEPP (../src/sepp/handshake-sm.c:264)
11/25 20:29:15.602: [sbi] WARNING: Could not connect to server (7): Failed to connect to sepp2.localdomain port 7777 after 0 ms: Could not connect to server (../lib/sbi/client.c:767)
11/25 20:29:15.602: [sbi] WARNING: ogs_sbi_client_handler() failed [-1] (../lib/sbi/path.c:62)
11/25 20:29:26.609: [sepp] WARNING: [sepp2.localdomain] Retry establishment with Peer SEPP (../src/sepp/handshake-sm.c:264)
11/25 20:29:26.609: [sbi] WARNING: Could not connect to server (7): Failed to connect to sepp2.localdomain port 7777 after 0 ms: Could not connect to server (../lib/sbi/client.c:767)
11/25 20:29:26.609: [sbi] WARNING: ogs_sbi_client_handler() failed [-1] (../lib/sbi/path.c:62)
11/25 20:29:37.618: [sepp] WARNING: [sepp2.localdomain] Retry establishment with Peer SEPP (../src/sepp/handshake-sm.c:264)
11/25 20:29:37.619: [sbi] WARNING: Could not connect to server (7): Failed to connect to sepp2.localdomain port 7777 after 0 ms: Could not connect to server (../lib/sbi/client.c:767)
11/25 20:29:37.620: [sbi] WARNING: ogs_sbi_client_handler() failed [-1] (../lib/sbi/path.c:62)
11/25 20:29:48.629: [sepp] WARNING: [sepp2.localdomain] Retry establishment with Peer SEPP (../src/sepp/handshake-sm.c:264)
11/25 20:29:48.629: [sbi] WARNING: Could not connect to server (7): Failed to connect to sepp2.localdomain port 7777 after 0 ms: Could not connect to server (../lib/sbi/client.c:767)
11/25 20:29:48.629: [sbi] WARNING: ogs_sbi_client_handler() failed [-1] (../lib/sbi/path.c:62)
11/25 20:29:59.631: [sepp] WARNING: [sepp2.localdomain] Retry establishment with Peer SEPP (../src/sepp/handshake-sm.c:264)
11/25 20:29:59.631: [sbi] WARNING: Could not connect to server (7): Failed to connect to sepp2.localdomain port 7777 after 0 ms: Could not connect to server (../lib/sbi/client.c:767)
11/25 20:29:59.631: [sbi] WARNING: ogs_sbi_client_handler() failed [-1] (../lib/sbi/path.c:62)
11/25 20:30:10.635: [sepp] WARNING: [sepp2.localdomain] Retry establishment with Peer SEPP (../src/sepp/handshake-sm.c:264)
11/25 20:30:10.635: [sbi] WARNING: Could not connect to server (7): Failed to connect to sepp2.localdomain port 7777 after 0 ms: Could not connect to server (../lib/sbi/client.c:767)
11/25 20:30:10.635: [sbi] WARNING: ogs_sbi_client_handler() failed [-1] (../lib/sbi/path.c:62)
11/25 20:30:21.637: [sepp] WARNING: [sepp2.localdomain] Retry establishment with Peer SEPP (../src/sepp/handshake-sm.c:264)
11/25 20:30:21.637: [sbi] WARNING: Could not connect to server (7): Failed to connect to sepp2.localdomain port 7777 after 0 ms: Could not connect to server (../lib/sbi/client.c:767)
11/25 20:30:21.637: [sbi] WARNING: ogs_sbi_client_handler() failed [-1] (../lib/sbi/path.c:62)
11/25 20:30:22.905: [app] INFO: SIGINT received (../src/main.c:54)
11/25 20:30:22.905: [app] INFO: Open5GS daemon terminating... (../src/main.c:231)
11/25 20:30:22.905: [sbi] INFO: [d98beffa-ca34-41f0-9c57-9b6a5155d2be] NF de-registered (../lib/sbi/nf-sm.c:324)
11/25 20:30:22.912: [app] INFO: SEPP terminate...done (../src/sepp/app.c:39)
